C51 COMPILER V7.06   LED                                                                   11/08/2016 21:33:05 PAGE 1   


C51 COMPILER V7.06, COMPILATION OF MODULE LED
OBJECT MODULE PLACED IN LED.OBJ
COMPILER INVOKED BY: C:\Keil\C51\BIN\C51.EXE LED.C BROWSE DEBUG OBJECTEXTEND

stmt level    source

   1          #include <reg52.h>
   2          #include <def52.h>
   3          
   4          void Light(unsigned char key){
   5   1              unsigned int num;
   6   1              switch(key){
   7   2                      case 0x77: num=0; break;
   8   2                      case 0xb7: num=1; break;
   9   2                      case 0xd7: num=2; break;
  10   2                      case 0xe7: num=3; break;
  11   2                      case 0x7b: num=4; break;
  12   2                      case 0xbb: num=5; break;
  13   2                      case 0xdb: num=6; break;
  14   2                      case 0xeb: num=7; break;
  15   2                      case 0x7d: num=8; break;
  16   2                      case 0xbd: num=9; break;
  17   2                      case 0xdd: num=10; break;
  18   2                      case 0xed: num=11; break;
  19   2                      case 0x7e: num=12; break;
  20   2                      case 0xbe: num=13; break;
  21   2                      case 0xde: num=14; break;
  22   2                      case 0xee: num=15; break;
  23   2              }
  24   1              P0 = ~num;
  25   1      }


MODULE INFORMATION:   STATIC OVERLAYABLE
   CODE SIZE        =    187    ----
   CONSTANT SIZE    =   ----    ----
   XDATA SIZE       =   ----    ----
   PDATA SIZE       =   ----    ----
   DATA SIZE        =   ----       2
   IDATA SIZE       =   ----    ----
   BIT SIZE         =   ----    ----
END OF MODULE INFORMATION.


C51 COMPILATION COMPLETE.  0 WARNING(S),  0 ERROR(S)
