C51 COMPILER V7.06   MAIN                                                                  11/08/2016 21:32:56 PAGE 1   


C51 COMPILER V7.06, COMPILATION OF MODULE MAIN
OBJECT MODULE PLACED IN MAIN.OBJ
COMPILER INVOKED BY: C:\Keil\C51\BIN\C51.EXE MAIN.C BROWSE DEBUG OBJECTEXTEND

stmt level    source

   1          #include <reg52.h>
   2          #include <def52.h>
   3          #include <key.h>
   4          #include <led.h>
   5          
   6          void main(){
   7   1              unsigned char key;
   8   1              LED = 0;
   9   1              for(;;){
  10   2                      key = KeyScan();
  11   2                      Light(key);
  12   2                      switch(key){
  13   3                              case 0x77: key='0'; break;
  14   3                              case 0xb7: key='1'; break;
  15   3                              case 0xd7: key='2'; break;
  16   3                              case 0xe7: key='3'; break;
  17   3                              case 0x7b: key='4'; break;
  18   3                              case 0xbb: key='5'; break;
  19   3                              case 0xdb: key='6'; break;
  20   3                              case 0xeb: key='7'; break;
  21   3                              case 0x7d: key='8'; break;
  22   3                              case 0xbd: key='9'; break;
  23   3                              case 0xdd: key='.'; break;
  24   3                              case 0xed: key='='; break;
  25   3                              case 0x7e: key='+'; break;
  26   3                              case 0xbe: key='-'; break;
  27   3                              case 0xde: key='*'; break;
  28   3                              case 0xee: key='/'; break;
  29   3                      }
  30   2                      /*if(key == '1') LED1=~LED1;
  31   2                      else if(key == '2') LED2=~LED2;
  32   2                      else if(key == '3') LED3=~LED3;
  33   2                      else if(key == '4') LED4=~LED4;*/
  34   2              }
  35   1      }
  36          


MODULE INFORMATION:   STATIC OVERLAYABLE
   CODE SIZE        =    152    ----
   CONSTANT SIZE    =   ----    ----
   XDATA SIZE       =   ----    ----
   PDATA SIZE       =   ----    ----
   DATA SIZE        =   ----       1
   IDATA SIZE       =   ----    ----
   BIT SIZE         =   ----    ----
END OF MODULE INFORMATION.


C51 COMPILATION COMPLETE.  0 WARNING(S),  0 ERROR(S)
